Cell Min-Routing-Layer = M1
Cell Max-Routing-Layer = MRDL
Turn off antenna since no rule is specified
Information: Option route.detail.force_end_on_preferred_grid will be ignored since none of the layers have preferred grid. (ZRT-703)
Warning: Cannot find a default contact code for layer CO. (ZRT-022)
Warning: Port VDD of cell power_plan_done is unplaced.  This may impact routing result. (ZRT-740)
Warning: Port VSS of cell power_plan_done is unplaced.  This may impact routing result. (ZRT-740)
Warning: Ignore 2 top cell ports with no pins. (ZRT-027)
Info: number of net_type_blockage: 0 
Information: Via ladder engine would be activated for pattern must join connection in certain commands. Please refer to man-page for the command list. (ZRT-619)
Information: When applicable Min-max layer allow_pin_connection mode will allow paths of length 5.32 outside the layer range. (ZRT-707)
Information: When applicable Min-max layer allow_pin_connection mode will allow paths of length 5.32 outside the layer range on clock nets. (ZRT-718)
Information: When applicable layer based tapering will taper up to 0.00 in distance from the pin. (ZRT-706)


Start checking for open nets ... 

Total number of nets = 44820, of which 0 are not extracted
Total number of open nets = 0, of which 0 are frozen

Check 44820 nets, 0 have Errors

[CHECK OPEN NETS] Elapsed real time: 0:00:00 
[CHECK OPEN NETS] Elapsed cpu  time: sys=0:00:00 usr=0:00:00 total=0:00:00
[CHECK OPEN NETS] Stage (MB): Used    0  Alloctr    0  Proc    0 
[CHECK OPEN NETS] Total (MB): Used  107  Alloctr  108  Proc 7568 
Printing options for 'route.common.*'
common.eco_route_fix_existing_drc                       :	 true                
common.verbose_level                                    :	 0                   

Printing options for 'route.detail.*'
detail.antenna                                          :	 true                
detail.eco_route_use_soft_spacing_for_timing_optimization:	 true                

Printing options for 'route.auto_via_ladder.*'


Begin full DRC check ...

Information: Using 1 threads for routing. (ZRT-444)
Checked	1/64 Partitions, Violations =	28
Checked	2/64 Partitions, Violations =	90
Checked	4/64 Partitions, Violations =	146
Checked	6/64 Partitions, Violations =	266
Checked	8/64 Partitions, Violations =	268
Checked	10/64 Partitions, Violations =	302
Checked	12/64 Partitions, Violations =	375
Checked	14/64 Partitions, Violations =	397
Checked	16/64 Partitions, Violations =	405
Checked	18/64 Partitions, Violations =	431
Checked	20/64 Partitions, Violations =	473
Checked	22/64 Partitions, Violations =	473
Checked	24/64 Partitions, Violations =	491
Checked	26/64 Partitions, Violations =	569
Checked	28/64 Partitions, Violations =	595
Checked	30/64 Partitions, Violations =	621
Checked	32/64 Partitions, Violations =	627
Checked	34/64 Partitions, Violations =	685
Checked	36/64 Partitions, Violations =	735
Checked	38/64 Partitions, Violations =	741
Checked	40/64 Partitions, Violations =	779
Checked	42/64 Partitions, Violations =	843
Checked	44/64 Partitions, Violations =	873
Checked	46/64 Partitions, Violations =	987
Checked	48/64 Partitions, Violations =	1043
Checked	50/64 Partitions, Violations =	1093
Checked	52/64 Partitions, Violations =	1145
Checked	54/64 Partitions, Violations =	1163
Checked	56/64 Partitions, Violations =	1208
Checked	58/64 Partitions, Violations =	1232
Checked	60/64 Partitions, Violations =	1256
Checked	62/64 Partitions, Violations =	1301
Checked	64/64 Partitions, Violations =	1371
[DRC CHECK] Elapsed real time: 0:00:28 
[DRC CHECK] Elapsed cpu  time: sys=0:00:00 usr=0:00:28 total=0:00:28
[DRC CHECK] Stage (MB): Used    0  Alloctr    0  Proc    0 
[DRC CHECK] Total (MB): Used  187  Alloctr  189  Proc 7568 
Warning: No antenna rules defined, Skip antenna analysis. (ZRT-309)
Information: Merged away 678 aligned/redundant DRCs. (ZRT-305)

DRC-SUMMARY:
	@@@@@@@ TOTAL VIOLATIONS =	693
	Diff net spacing : 9
	Same net spacing : 1
	Same net via-cut spacing : 1
	Short : 682


Total Wire Length =                    1072435 micron
Total Number of Contacts =             379385
Total Number of Wires =                387395
Total Number of PtConns =              49082
Total Number of Routed Wires =       387334
Total Routed Wire Length =           1067291 micron
Total Number of Routed Contacts =       379385
	Layer              M1 :      25976 micron
	Layer              M2 :     353004 micron
	Layer              M3 :     318418 micron
	Layer              M4 :     179360 micron
	Layer              M5 :     120254 micron
	Layer              M6 :      38094 micron
	Layer              M7 :      16814 micron
	Layer              M8 :       6793 micron
	Layer              M9 :       8579 micron
	Layer            MRDL :          0 micron
	Via      VIA89_C(rot) :        344
	Via         VIA78SQ_C :        367
	Via        VIA78BAR_C :          7
	Via     VIA78SQ_C_2x1 :         78
	Via    VIA67SQ_C(rot) :       1155
	Via         VIA56SQ_C :       2464
	Via    VIA45SQ_C(rot) :      11175
	Via         VIA34SQ_C :      31270
	Via    VIA34SQ_C(rot) :        133
	Via         VIA23SQ_C :       1149
	Via    VIA23SQ_C(rot) :     165575
	Via         VIA12SQ_C :     153363
	Via    VIA12SQ_C(rot) :      11958
	Via        VIA12BAR_C :        237
	Via   VIA12BAR_C(rot) :          2
	Via     VIA12BAR(rot) :          3
	Via     VIA12SQ_C_2x1 :        105

 
Redundant via conversion report:
--------------------------------

  Total optimized via conversion rate =  0.05% (183 / 379385 vias)
 
    Layer VIA1       =  0.06% (105    / 165668  vias)
        Weight 1     =  0.06% (105     vias)
        Un-optimized =  0.00% (0       vias)
        Un-mapped    = 99.94% (165563  vias)
    Layer VIA2       =  0.00% (0      / 166724  vias)
        Un-optimized =  0.00% (0       vias)
        Un-mapped    = 100.00% (166724  vias)
    Layer VIA3       =  0.00% (0      / 31403   vias)
        Un-optimized =  0.00% (0       vias)
        Un-mapped    = 100.00% (31403   vias)
    Layer VIA4       =  0.00% (0      / 11175   vias)
        Un-optimized =  0.00% (0       vias)
        Un-mapped    = 100.00% (11175   vias)
    Layer VIA5       =  0.00% (0      / 2464    vias)
        Un-optimized =  0.00% (0       vias)
        Un-mapped    = 100.00% (2464    vias)
    Layer VIA6       =  0.00% (0      / 1155    vias)
        Un-optimized =  0.00% (0       vias)
        Un-mapped    = 100.00% (1155    vias)
    Layer VIA7       = 17.26% (78     / 452     vias)
        Weight 1     = 17.26% (78      vias)
        Un-optimized =  0.00% (0       vias)
        Un-mapped    = 82.74% (374     vias)
    Layer VIA8       =  0.00% (0      / 344     vias)
        Un-optimized =  0.00% (0       vias)
        Un-mapped    = 100.00% (344     vias)
 
  Total double via conversion rate    =  0.05% (183 / 379385 vias)
 
    Layer VIA1       =  0.06% (105    / 165668  vias)
    Layer VIA2       =  0.00% (0      / 166724  vias)
    Layer VIA3       =  0.00% (0      / 31403   vias)
    Layer VIA4       =  0.00% (0      / 11175   vias)
    Layer VIA5       =  0.00% (0      / 2464    vias)
    Layer VIA6       =  0.00% (0      / 1155    vias)
    Layer VIA7       = 17.26% (78     / 452     vias)
    Layer VIA8       =  0.00% (0      / 344     vias)
 
  The optimized via conversion rate based on total routed via count =  0.05% (183 / 379385 vias)
 
    Layer VIA1       =  0.06% (105    / 165668  vias)
        Weight 1     =  0.06% (105     vias)
        Un-optimized =  0.00% (0       vias)
        Un-mapped    = 99.94% (165563  vias)
    Layer VIA2       =  0.00% (0      / 166724  vias)
        Un-optimized =  0.00% (0       vias)
        Un-mapped    = 100.00% (166724  vias)
    Layer VIA3       =  0.00% (0      / 31403   vias)
        Un-optimized =  0.00% (0       vias)
        Un-mapped    = 100.00% (31403   vias)
    Layer VIA4       =  0.00% (0      / 11175   vias)
        Un-optimized =  0.00% (0       vias)
        Un-mapped    = 100.00% (11175   vias)
    Layer VIA5       =  0.00% (0      / 2464    vias)
        Un-optimized =  0.00% (0       vias)
        Un-mapped    = 100.00% (2464    vias)
    Layer VIA6       =  0.00% (0      / 1155    vias)
        Un-optimized =  0.00% (0       vias)
        Un-mapped    = 100.00% (1155    vias)
    Layer VIA7       = 17.26% (78     / 452     vias)
        Weight 1     = 17.26% (78      vias)
        Un-optimized =  0.00% (0       vias)
        Un-mapped    = 82.74% (374     vias)
    Layer VIA8       =  0.00% (0      / 344     vias)
        Un-optimized =  0.00% (0       vias)
        Un-mapped    = 100.00% (344     vias)
 


Verify Summary:

Total number of nets = 44820, of which 0 are not extracted
Total number of open nets = 0, of which 0 are frozen
Total number of excluded ports = 0 ports of 0 unplaced cells connected to 0 nets
                                 0 ports without pins of 0 cells connected to 0 nets
                                 0 ports of 0 cover cells connected to 0 non-pg nets
Total number of DRCs = 693
Total number of antenna violations = no antenna rules defined
Total number of tie to rail violations = not checked
Total number of tie to rail directly violations = not checked


