****************************************
Report : power
        -significant_digits 2
Design : accel_top
Version: V-2023.12-SP4
Date   : Sat May 30 18:57:37 2026
****************************************
Information: Activity propagation will be performed for scenario func::nom.
Information: Doing activity propagation for mode 'func' and corner 'nom' with effort level 'medium'. (POW-024)
Information: Timer-derived activity data is cached on scenario func::nom (POW-052)
Infomation: Fast mode activity propagation power.rtl_activity_annotation setup is ignored. Always use accurate mode.
Information: Running switching activity propagation in scalar mode!

 **** Information : No. of simulation cycles = 7 ****
Mode: func
Corner: nom
Scenario: func::nom
Voltage: 0.85
Temperature: 125.00

Voltage Unit         : 1V
Capacitance Unit     : 1fF
Time Unit            : 1ns
Temperature Unit     : 1C
Dynamic Power Unit   : 1pW
Leakage Power Unit   : 1pW

Switched supply net power scaling:
scaling for leakage power

Supply nets:
VDD (power) probability 1.00 (default)
VSS (ground) probability 1.00 (default)
Warning: Power table extrapolation (extrapolation mode) for port D on cell u_regs/ready_reg for parameter Tinp. Lowest table value = inf, highest table value = inf, value = 0.053082 (POW-046)
Warning: Power table extrapolation (extrapolation mode) for port D on cell u_regs/arr_soft_reset_reg for parameter Tinp. Lowest table value = inf, highest table value = inf, value = 0.061264 (POW-046)
Warning: Power table extrapolation (extrapolation mode) for port D on cell u_regs/c_buf_reg[50][2] for parameter Tinp. Lowest table value = inf, highest table value = inf, value = 0.021152 (POW-046)
Warning: Power table extrapolation (extrapolation mode) for port D on cell u_regs/arr_act_valid_reg for parameter Tinp. Lowest table value = inf, highest table value = inf, value = 0.044651 (POW-046)
Warning: Power table extrapolation (extrapolation mode) for port QN on cell u_regs/arr_act_valid_reg for parameter Cout. Lowest table value = 0.000100, highest table value = 0.008000, value = 0.000000 (POW-046)
Warning: Power table extrapolation (extrapolation mode) for port D on cell u_regs/arr_wgt_valid_reg for parameter Tinp. Lowest table value = inf, highest table value = inf, value = 0.063038 (POW-046)
Warning: Power table extrapolation (extrapolation mode) for port QN on cell u_regs/arr_wgt_valid_reg for parameter Cout. Lowest table value = 0.000100, highest table value = 0.008000, value = 0.000000 (POW-046)
Warning: Power table extrapolation (extrapolation mode) for port D on cell u_regs/sc_state_reg[1] for parameter Tinp. Lowest table value = inf, highest table value = inf, value = 0.029373 (POW-046)
Warning: Power table extrapolation (extrapolation mode) for port D on cell u_regs/sc_cnt_reg[4] for parameter Tinp. Lowest table value = inf, highest table value = inf, value = 0.033855 (POW-046)
Warning: Power table extrapolation (extrapolation mode) for port D on cell u_regs/sc_state_reg[0] for parameter Tinp. Lowest table value = inf, highest table value = inf, value = 0.026321 (POW-046)
Note - message 'POW-046' limit (10) exceeded. Remainder will be suppressed.
Warning: Rise-Fall toggles on pin u_array/gen_row[0].gen_col[0].pe_inst/HFSBUF_1031_3180/Y are impossible given input states; converted to zero toggles. (POW-069)
Warning: Rise-Fall toggles on pin u_array/gen_row[0].gen_col[0].pe_inst/U188/Y are impossible given input states; converted to zero toggles. (POW-069)
Warning: Rise-Fall toggles on pin u_array/gen_row[0].gen_col[0].pe_inst/U189/Y are impossible given input states; converted to zero toggles. (POW-069)
Warning: Rise-Fall toggles on pin u_array/gen_row[0].gen_col[0].pe_inst/U190/Y are impossible given input states; converted to zero toggles. (POW-069)
Warning: Rise-Fall toggles on pin u_array/gen_row[0].gen_col[0].pe_inst/U191/Y are impossible given input states; converted to zero toggles. (POW-069)
Warning: Rise-Fall toggles on pin u_array/gen_row[0].gen_col[0].pe_inst/U192/Y are impossible given input states; converted to zero toggles. (POW-069)
Warning: Rise-Fall toggles on pin u_array/gen_row[0].gen_col[0].pe_inst/U193/Y are impossible given input states; converted to zero toggles. (POW-069)
Warning: Rise-Fall toggles on pin u_array/gen_row[0].gen_col[0].pe_inst/U194/Y are impossible given input states; converted to zero toggles. (POW-069)
Warning: Rise-Fall toggles on pin u_array/gen_row[0].gen_col[0].pe_inst/U195/Y are impossible given input states; converted to zero toggles. (POW-069)
Warning: Rise-Fall toggles on pin u_array/gen_row[0].gen_col[0].pe_inst/U196/Y are impossible given input states; converted to zero toggles. (POW-069)
Note - message 'POW-069' limit (10) exceeded. Remainder will be suppressed.

  Cell Internal Power    = -1.19e+10 pW (115.7%)
  Net Switching Power    = 1.62e+09 pW (-15.7%)
Total Dynamic Power      = -1.03e+10 pW (100.0%)

Cell Leakage Power       = 9.39e+10 pW


  Attributes
  ----------
      u  -  User defined power group
      i  -  Includes clock pin internal power

Power Group         Internal Power        Switching Power          Leakage Power            Total Power    (   %  )    Attrs
-----------------------------------------------------------------------------------------------------------------------------
io_pad                    0.00e+00               0.00e+00               0.00e+00               0.00e+00    (  0.0%)         
memory                    0.00e+00               0.00e+00               0.00e+00               0.00e+00    (  0.0%)         
black_box                 0.00e+00               0.00e+00               0.00e+00               0.00e+00    (  0.0%)         
clock_network            -1.10e+10               1.50e+09               3.06e+09              -6.42e+09    ( -7.7%)        i
register                 -9.00e+08               8.12e+04               3.86e+10               3.77e+10    ( 45.1%)         
sequential                0.00e+00               0.00e+00               0.00e+00               0.00e+00    (  0.0%)         
combinational            -1.15e+07               1.15e+08               5.22e+10               5.23e+10    ( 62.6%)         
-----------------------------------------------------------------------------------------------------------------------------
Total                    -1.19e+10 pW            1.62e+09 pW            9.39e+10 pW            8.36e+10 pW
1
