****************************************
Report : report_utilization
Design : accel_top
Version: V-2023.12-SP4
Date   : Sat May 30 18:58:06 2026
****************************************
Utilization Ratio:			0.6396
Utilization options:
 - Area calculation based on:		site_row of block power_plan_done
 - Categories of objects excluded:	hard_macros macro_keepouts soft_macros io_cells hard_blockages 
Total Area:				217894.6788
Total Capacity Area:			217894.6788
Total Area of cells:			139362.4038
Area of excluded objects:
 - hard_macros         :		0.0000
 - macro_keepouts      :		0.0000
 - soft_macros         :		0.0000
 - io_cells            :		0.0000
 - hard_blockages      :		0.0000
Total Area of excluded objects:		0.0000
Ratio of excluded objects:		0.0000

Utilization of site-rows with:
 - Site 'unit':				0.6396

0.6396
