****************************************
Report : report_density_gradient_options
Design : accel_top
Version: V-2023.12-SP4
Date   : Sat May 30 18:58:38 2026
****************************************
-----------------------------------------------------------------
White Space Density Report:
        Layer                            White space density
        ---------------------------------------------------------
        Others                           35%
-----------------------------------------------------------------
Edge Zone Width Report:
        Layer                            Edge zone width(um)
        ---------------------------------------------------------
        Others                           150.0000
-----------------------------------------------------------------
Outer Zone Width Report:
        Layer                            Outer zone width(um)
        ---------------------------------------------------------
        Others                           150.0000
-----------------------------------------------------------------
Gradient Tolerance Report:
        Layer                            Gradient tolerance value
        ---------------------------------------------------------
        Others                           30%
-----------------------------------------------------------------
Min macro size(um):                      500
-----------------------------------------------------------------
Cluster Threshold(um):                   5.0000
-----------------------------------------------------------------
1
