Information: Deserialized np data
INFO: timer data loaded from /tmp/power_plan_done_1185368_673391760.timdat
****************************************
Report : qor
Design : accel_top
Version: V-2023.12-SP4
Date   : Sat May 30 18:48:58 2026
****************************************
Information: The RC mode used is DR for design 'accel_top'. (NEX-022)
Extracting design: power_plan_done 
Information: coupling capacitance is lumped to ground. (NEX-030)
Information: 44798 nets are successfully extracted. (NEX-028)
Information: Update timing completed net estimation for all the timing graph nets (TIM-111)


Scenario           'func::nom'
Timing Path Group  '**in2reg_default**'
----------------------------------------
Levels of Logic:                     20
Critical Path Length:              1.55
Critical Path Slack:               3.31
Critical Path Clk Period:          5.00
Total Negative Slack:              0.00
No. of Violating Paths:               0
Worst Hold Violation:              0.00
Total Hold Violation:              0.00
No. of Hold Violations:               0
----------------------------------------

Scenario           'func::nom'
Timing Path Group  '**reg2out_default**'
----------------------------------------
Levels of Logic:                      9
Critical Path Length:              0.81
Critical Path Slack:               3.80
Critical Path Clk Period:          5.00
Total Negative Slack:              0.00
No. of Violating Paths:               0
Worst Hold Violation:              0.00
Total Hold Violation:              0.00
No. of Hold Violations:               0
----------------------------------------

Scenario           'func::nom'
Timing Path Group  '**in2out_default**'
----------------------------------------
Levels of Logic:                     13
Critical Path Length:              1.17
Critical Path Slack:               3.50
Critical Path Clk Period:          5.00
Total Negative Slack:              0.00
No. of Violating Paths:               0
Worst Hold Violation:              0.00
Total Hold Violation:              0.00
No. of Hold Violations:               0
----------------------------------------

Scenario           'func::nom'
Timing Path Group  'clk'
----------------------------------------
Levels of Logic:                     40
Critical Path Length:              2.91
Critical Path Slack:               1.87
Critical Path Clk Period:          5.00
Total Negative Slack:              0.00
No. of Violating Paths:               0
Worst Hold Violation:              0.00
Total Hold Violation:              0.00
No. of Hold Violations:               0
----------------------------------------


Cell Count
----------------------------------------
Hierarchical Cell Count:             66
Hierarchical Port Count:           6274
Leaf Cell Count:                  39991
Buf/Inv Cell Count:                5734
Buf Cell Count:                    2946
Inv Cell Count:                    2788
Combinational Cell Count:         32735
   Single-bit Isolation Cell Count:                        0
   Multi-bit Isolation Cell Count:                         0
   Isolation Cell Banking Ratio:                           0.00%
   Single-bit Level Shifter Cell Count:                    0
   Multi-bit Level Shifter Cell Count:                     0
   Level Shifter Cell Banking Ratio:                       0.00%
   Single-bit ELS Cell Count:                              0
   Multi-bit ELS Cell Count:                               0
   ELS Cell Banking Ratio:                                 0.00%
Sequential Cell Count:             7256
   Integrated Clock-Gating Cell Count:                     0
   Sequential Macro Cell Count:                            0
   Single-bit Sequential Cell Count:                       7256
   Multi-bit Sequential Cell Count:                        0
   Sequential Cell Banking Ratio:                          0.00%
   BitsPerflop:                                            1.00
Macro Count:                          0
----------------------------------------


Area
----------------------------------------
Combinational Area:            87728.48
Noncombinational Area:         51633.93
Buf/Inv Area:                  11923.42
Total Buffer Area:              7665.75
Total Inverter Area:            4257.67
Macro/Black Box Area:              0.00
Net Area:                             0
Net XLength:                  611452.52
Net YLength:                  699800.03
----------------------------------------
Cell Area (netlist):                         139362.40
Cell Area (netlist and physical only):       139362.40
Net Length:                  1311252.55


Design Rules
----------------------------------------
Total Number of Nets:             44822
Nets with Violations:               461
Max Trans Violations:                 2
Max Cap Violations:                 459
----------------------------------------

1
