****************************************
Report : timing
        -path_type full
        -delay_type max
        -max_paths 1
        -report_by design
Design : accel_top
Version: V-2023.12-SP4
Date   : Sat May 30 18:50:59 2026
****************************************

  Startpoint: u_array/gen_row[1].gen_col[7].pe_inst/product_pipe_reg[0] (rising edge-triggered flip-flop clocked by clk)
  Endpoint: u_array/gen_row[1].gen_col[7].pe_inst/accumulator_reg[27] (rising edge-triggered flip-flop clocked by clk)
  Mode: func
  Corner: nom
  Scenario: func::nom
  Path Group: clk
  Path Type: max

  Point                                            Incr      Path  
  ------------------------------------------------------------------------
  clock clk (rise edge)                            0.00      0.00
  clock network delay (propagated)                 0.19      0.19

  u_array/gen_row[1].gen_col[7].pe_inst/product_pipe_reg[0]/CLK (DFFARX1_HVT)
                                                   0.00      0.19 r
  u_array/gen_row[1].gen_col[7].pe_inst/product_pipe_reg[0]/Q (DFFARX1_HVT)
                                                   0.13      0.32 r
  u_array/gen_row[1].gen_col[7].pe_inst/HFSBUF_32_999/Y (NBUFFX2_HVT)
                                                   0.05      0.37 r
  u_array/gen_row[1].gen_col[7].pe_inst/U158/Y (NAND2X0_HVT)
                                                   0.07      0.44 f
  u_array/gen_row[1].gen_col[7].pe_inst/U30/Y (INVX0_HVT)
                                                   0.03      0.47 r
  u_array/gen_row[1].gen_col[7].pe_inst/U294/Y (AO222X1_HVT)
                                                   0.11      0.58 r
  u_array/gen_row[1].gen_col[7].pe_inst/intadd_456/U14/CO (FADDX1_HVT)
                                                   0.07      0.65 r
  u_array/gen_row[1].gen_col[7].pe_inst/intadd_456/U13/CO (FADDX1_HVT)
                                                   0.07      0.72 r
  u_array/gen_row[1].gen_col[7].pe_inst/intadd_456/U12/CO (FADDX1_HVT)
                                                   0.07      0.79 r
  u_array/gen_row[1].gen_col[7].pe_inst/intadd_456/U11/CO (FADDX1_HVT)
                                                   0.07      0.86 r
  u_array/gen_row[1].gen_col[7].pe_inst/intadd_456/U10/CO (FADDX1_HVT)
                                                   0.07      0.92 r
  u_array/gen_row[1].gen_col[7].pe_inst/intadd_456/U9/CO (FADDX1_HVT)
                                                   0.07      0.99 r
  u_array/gen_row[1].gen_col[7].pe_inst/intadd_456/U8/CO (FADDX1_HVT)
                                                   0.07      1.06 r
  u_array/gen_row[1].gen_col[7].pe_inst/intadd_456/U7/CO (FADDX1_HVT)
                                                   0.07      1.13 r
  u_array/gen_row[1].gen_col[7].pe_inst/intadd_456/U6/CO (FADDX1_HVT)
                                                   0.07      1.20 r
  u_array/gen_row[1].gen_col[7].pe_inst/intadd_456/U5/CO (FADDX1_HVT)
                                                   0.07      1.27 r
  u_array/gen_row[1].gen_col[7].pe_inst/intadd_456/U4/CO (FADDX1_HVT)
                                                   0.07      1.34 r
  u_array/gen_row[1].gen_col[7].pe_inst/intadd_456/U3/CO (FADDX1_HVT)
                                                   0.07      1.41 r
  u_array/gen_row[1].gen_col[7].pe_inst/intadd_456/U2/CO (FADDX1_HVT)
                                                   0.08      1.49 r
  u_array/gen_row[1].gen_col[7].pe_inst/U138/Y (AO222X1_HVT)
                                                   0.12      1.60 r
  u_array/gen_row[1].gen_col[7].pe_inst/U139/Y (AO21X1_HVT)
                                                   0.08      1.68 r
  u_array/gen_row[1].gen_col[7].pe_inst/U140/Y (AO21X1_HVT)
                                                   0.07      1.75 r
  u_array/gen_row[1].gen_col[7].pe_inst/U141/Y (INVX0_HVT)
                                                   0.03      1.78 f
  u_array/gen_row[1].gen_col[7].pe_inst/U142/Y (OA21X1_HVT)
                                                   0.07      1.85 f
  u_array/gen_row[1].gen_col[7].pe_inst/U143/Y (OA21X1_HVT)
                                                   0.06      1.91 f
  u_array/gen_row[1].gen_col[7].pe_inst/U144/Y (OA21X1_HVT)
                                                   0.06      1.97 f
  u_array/gen_row[1].gen_col[7].pe_inst/U145/Y (OA21X1_HVT)
                                                   0.06      2.04 f
  u_array/gen_row[1].gen_col[7].pe_inst/U146/Y (OA21X1_HVT)
                                                   0.06      2.10 f
  u_array/gen_row[1].gen_col[7].pe_inst/U147/Y (OA21X1_HVT)
                                                   0.06      2.17 f
  u_array/gen_row[1].gen_col[7].pe_inst/U148/Y (OA21X1_HVT)
                                                   0.06      2.23 f
  u_array/gen_row[1].gen_col[7].pe_inst/U149/Y (OA21X1_HVT)
                                                   0.07      2.30 f
  u_array/gen_row[1].gen_col[7].pe_inst/U150/Y (OA21X1_HVT)
                                                   0.06      2.36 f
  u_array/gen_row[1].gen_col[7].pe_inst/U151/Y (OA21X1_HVT)
                                                   0.07      2.43 f
  u_array/gen_row[1].gen_col[7].pe_inst/U152/Y (OA21X1_HVT)
                                                   0.07      2.49 f
  u_array/gen_row[1].gen_col[7].pe_inst/U153/Y (AO222X1_HVT)
                                                   0.06      2.55 f
  u_array/gen_row[1].gen_col[7].pe_inst/U154/Y (AO222X1_HVT)
                                                   0.07      2.62 f
  u_array/gen_row[1].gen_col[7].pe_inst/U156/S (FADDX1_HVT)
                                                   0.09      2.72 r
  u_array/gen_row[1].gen_col[7].pe_inst/U157/Y (AO21X1_HVT)
                                                   0.08      2.79 r
  u_array/gen_row[1].gen_col[7].pe_inst/HFSINV_713_3131/Y (INVX2_HVT)
                                                   0.06      2.85 f
  u_array/gen_row[1].gen_col[7].pe_inst/U195/Y (AND2X4_HVT)
                                                   0.10      2.96 f
  u_array/gen_row[1].gen_col[7].pe_inst/U236/Y (AO221X1_HVT)
                                                   0.08      3.03 f
  u_array/gen_row[1].gen_col[7].pe_inst/U238/Y (AO221X1_HVT)
                                                   0.07      3.10 f
  u_array/gen_row[1].gen_col[7].pe_inst/accumulator_reg[27]/D (DFFARX1_HVT)
                                                   0.00      3.10 f
  data arrival time                                          3.10

  clock clk (rise edge)                            5.00      5.00
  clock network delay (propagated)                 0.09      5.09
  u_array/gen_row[1].gen_col[7].pe_inst/accumulator_reg[27]/CLK (DFFARX1_HVT)
                                                   0.00      5.09 r
  clock uncertainty                               -0.10      4.99
  library setup time                              -0.02      4.97
  data required time                                         4.97
  ------------------------------------------------------------------------
  data required time                                         4.97
  data arrival time                                         -3.10
  ------------------------------------------------------------------------
  slack (MET)                                                1.87


1
