 
****************************************
Report : qor
Design : accel_top
Version: V-2023.12-SP4
Date   : Sat May 30 15:27:30 2026
****************************************


  Timing Path Group 'clk'
  -----------------------------------
  Levels of Logic:              23.00
  Critical Path Length:          4.67
  Critical Path Slack:           0.21
  Critical Path Clk Period:      5.00
  Total Negative Slack:          0.00
  No. of Violating Paths:        0.00
  Worst Hold Violation:          0.00
  Total Hold Violation:          0.00
  No. of Hold Violations:        0.00
  -----------------------------------


  Cell Count
  -----------------------------------
  Hierarchical Cell Count:         66
  Hierarchical Port Count:       5438
  Leaf Cell Count:              37454
  Buf/Inv Cell Count:            3398
  Buf Cell Count:                 285
  Inv Cell Count:                3113
  CT Buf/Inv Cell Count:            0
  Combinational Cell Count:     30198
  Sequential Cell Count:         7256
  Macro Count:                      0
  -----------------------------------


  Area
  -----------------------------------
  Combinational Area:    79322.916662
  Noncombinational Area: 51633.929089
  Buf/Inv Area:           4556.801963
  Total Buffer Area:           580.46
  Total Inverter Area:        3976.34
  Macro/Black Box Area:      0.000000
  Net Area:              59561.988986
  -----------------------------------
  Cell Area:            130956.845751
  Design Area:          190518.834737


  Design Rules
  -----------------------------------
  Total Number of Nets:         42354
  Nets With Violations:            64
  Max Trans Violations:            64
  Max Cap Violations:               0
  -----------------------------------


  Hostname: prac2.trg.vlsiexpert.in

  Compile CPU Statistics
  -----------------------------------------
  Resource Sharing:                    2.47
  Logic Optimization:                 25.03
  Mapping Optimization:               65.42
  -----------------------------------------
  Overall Compile Time:              159.76
  Overall Compile Wall Clock Time:   161.28

  --------------------------------------------------------------------

  Design  WNS: 0.00  TNS: 0.00  Number of Violating Paths: 0


  Design (Hold)  WNS: 0.00  TNS: 0.00  Number of Violating Paths: 0

  --------------------------------------------------------------------


1
