 
****************************************
Report : timing
        -path full
        -delay min
        -max_paths 20
Design : accel_top
Version: V-2023.12-SP4
Date   : Sat May 30 15:27:30 2026
****************************************

 # A fanout number of 1000 was used for high fanout net computations.

Operating Conditions: tt1p05v25c   Library: saed32lvt_tt1p05v25c
Wire Load Model Mode: enclosed

  Startpoint: u_array/gen_row[0].gen_col[0].pe_inst/accumulator_reg[18]
              (rising edge-triggered flip-flop clocked by clk)
  Endpoint: u_array/gen_row[0].gen_col[0].pe_inst/accumulator_reg[18]
            (rising edge-triggered flip-flop clocked by clk)
  Path Group: clk
  Path Type: min

  Des/Clust/Port     Wire Load Model       Library
  ------------------------------------------------
  accel_top          140000                saed32lvt_tt1p05v25c
  systolic_pe_63     8000                  saed32lvt_tt1p05v25c

  Point                                                   Incr       Path
  --------------------------------------------------------------------------
  clock clk (rise edge)                                   0.00       0.00
  clock network delay (ideal)                             0.00       0.00
  u_array/gen_row[0].gen_col[0].pe_inst/accumulator_reg[18]/CLK (DFFARX1_LVT)
                                                          0.00 #     0.00 r
  u_array/gen_row[0].gen_col[0].pe_inst/accumulator_reg[18]/QN (DFFARX1_LVT)
                                                          0.06       0.06 f
  u_array/gen_row[0].gen_col[0].pe_inst/U266/Y (AO221X1_LVT)
                                                          0.05       0.10 f
  u_array/gen_row[0].gen_col[0].pe_inst/accumulator_reg[18]/D (DFFARX1_LVT)
                                                          0.01       0.12 f
  data arrival time                                                  0.12

  clock clk (rise edge)                                   0.00       0.00
  clock network delay (ideal)                             0.00       0.00
  clock uncertainty                                       0.05       0.05
  u_array/gen_row[0].gen_col[0].pe_inst/accumulator_reg[18]/CLK (DFFARX1_LVT)
                                                          0.00       0.05 r
  library hold time                                       0.00       0.05
  data required time                                                 0.05
  --------------------------------------------------------------------------
  data required time                                                 0.05
  data arrival time                                                 -0.12
  --------------------------------------------------------------------------
  slack (MET)                                                        0.07


  Startpoint: u_array/gen_row[0].gen_col[0].pe_inst/accumulator_reg[17]
              (rising edge-triggered flip-flop clocked by clk)
  Endpoint: u_array/gen_row[0].gen_col[0].pe_inst/accumulator_reg[17]
            (rising edge-triggered flip-flop clocked by clk)
  Path Group: clk
  Path Type: min

  Des/Clust/Port     Wire Load Model       Library
  ------------------------------------------------
  accel_top          140000                saed32lvt_tt1p05v25c
  systolic_pe_63     8000                  saed32lvt_tt1p05v25c

  Point                                                   Incr       Path
  --------------------------------------------------------------------------
  clock clk (rise edge)                                   0.00       0.00
  clock network delay (ideal)                             0.00       0.00
  u_array/gen_row[0].gen_col[0].pe_inst/accumulator_reg[17]/CLK (DFFARX1_LVT)
                                                          0.00 #     0.00 r
  u_array/gen_row[0].gen_col[0].pe_inst/accumulator_reg[17]/QN (DFFARX1_LVT)
                                                          0.06       0.06 f
  u_array/gen_row[0].gen_col[0].pe_inst/U263/Y (AO221X1_LVT)
                                                          0.05       0.10 f
  u_array/gen_row[0].gen_col[0].pe_inst/accumulator_reg[17]/D (DFFARX1_LVT)
                                                          0.01       0.12 f
  data arrival time                                                  0.12

  clock clk (rise edge)                                   0.00       0.00
  clock network delay (ideal)                             0.00       0.00
  clock uncertainty                                       0.05       0.05
  u_array/gen_row[0].gen_col[0].pe_inst/accumulator_reg[17]/CLK (DFFARX1_LVT)
                                                          0.00       0.05 r
  library hold time                                       0.00       0.05
  data required time                                                 0.05
  --------------------------------------------------------------------------
  data required time                                                 0.05
  data arrival time                                                 -0.12
  --------------------------------------------------------------------------
  slack (MET)                                                        0.07


  Startpoint: u_array/gen_row[0].gen_col[0].pe_inst/accumulator_reg[16]
              (rising edge-triggered flip-flop clocked by clk)
  Endpoint: u_array/gen_row[0].gen_col[0].pe_inst/accumulator_reg[16]
            (rising edge-triggered flip-flop clocked by clk)
  Path Group: clk
  Path Type: min

  Des/Clust/Port     Wire Load Model       Library
  ------------------------------------------------
  accel_top          140000                saed32lvt_tt1p05v25c
  systolic_pe_63     8000                  saed32lvt_tt1p05v25c

  Point                                                   Incr       Path
  --------------------------------------------------------------------------
  clock clk (rise edge)                                   0.00       0.00
  clock network delay (ideal)                             0.00       0.00
  u_array/gen_row[0].gen_col[0].pe_inst/accumulator_reg[16]/CLK (DFFARX1_LVT)
                                                          0.00 #     0.00 r
  u_array/gen_row[0].gen_col[0].pe_inst/accumulator_reg[16]/QN (DFFARX1_LVT)
                                                          0.06       0.06 f
  u_array/gen_row[0].gen_col[0].pe_inst/U260/Y (AO221X1_LVT)
                                                          0.05       0.10 f
  u_array/gen_row[0].gen_col[0].pe_inst/accumulator_reg[16]/D (DFFARX1_LVT)
                                                          0.01       0.12 f
  data arrival time                                                  0.12

  clock clk (rise edge)                                   0.00       0.00
  clock network delay (ideal)                             0.00       0.00
  clock uncertainty                                       0.05       0.05
  u_array/gen_row[0].gen_col[0].pe_inst/accumulator_reg[16]/CLK (DFFARX1_LVT)
                                                          0.00       0.05 r
  library hold time                                       0.00       0.05
  data required time                                                 0.05
  --------------------------------------------------------------------------
  data required time                                                 0.05
  data arrival time                                                 -0.12
  --------------------------------------------------------------------------
  slack (MET)                                                        0.07


  Startpoint: u_array/gen_row[0].gen_col[1].pe_inst/accumulator_reg[18]
              (rising edge-triggered flip-flop clocked by clk)
  Endpoint: u_array/gen_row[0].gen_col[1].pe_inst/accumulator_reg[18]
            (rising edge-triggered flip-flop clocked by clk)
  Path Group: clk
  Path Type: min

  Des/Clust/Port     Wire Load Model       Library
  ------------------------------------------------
  accel_top          140000                saed32lvt_tt1p05v25c
  systolic_pe_62     8000                  saed32lvt_tt1p05v25c

  Point                                                   Incr       Path
  --------------------------------------------------------------------------
  clock clk (rise edge)                                   0.00       0.00
  clock network delay (ideal)                             0.00       0.00
  u_array/gen_row[0].gen_col[1].pe_inst/accumulator_reg[18]/CLK (DFFARX1_LVT)
                                                          0.00 #     0.00 r
  u_array/gen_row[0].gen_col[1].pe_inst/accumulator_reg[18]/QN (DFFARX1_LVT)
                                                          0.06       0.06 f
  u_array/gen_row[0].gen_col[1].pe_inst/U268/Y (AO221X1_LVT)
                                                          0.05       0.10 f
  u_array/gen_row[0].gen_col[1].pe_inst/accumulator_reg[18]/D (DFFARX1_LVT)
                                                          0.01       0.12 f
  data arrival time                                                  0.12

  clock clk (rise edge)                                   0.00       0.00
  clock network delay (ideal)                             0.00       0.00
  clock uncertainty                                       0.05       0.05
  u_array/gen_row[0].gen_col[1].pe_inst/accumulator_reg[18]/CLK (DFFARX1_LVT)
                                                          0.00       0.05 r
  library hold time                                       0.00       0.05
  data required time                                                 0.05
  --------------------------------------------------------------------------
  data required time                                                 0.05
  data arrival time                                                 -0.12
  --------------------------------------------------------------------------
  slack (MET)                                                        0.07


  Startpoint: u_array/gen_row[0].gen_col[1].pe_inst/accumulator_reg[17]
              (rising edge-triggered flip-flop clocked by clk)
  Endpoint: u_array/gen_row[0].gen_col[1].pe_inst/accumulator_reg[17]
            (rising edge-triggered flip-flop clocked by clk)
  Path Group: clk
  Path Type: min

  Des/Clust/Port     Wire Load Model       Library
  ------------------------------------------------
  accel_top          140000                saed32lvt_tt1p05v25c
  systolic_pe_62     8000                  saed32lvt_tt1p05v25c

  Point                                                   Incr       Path
  --------------------------------------------------------------------------
  clock clk (rise edge)                                   0.00       0.00
  clock network delay (ideal)                             0.00       0.00
  u_array/gen_row[0].gen_col[1].pe_inst/accumulator_reg[17]/CLK (DFFARX1_LVT)
                                                          0.00 #     0.00 r
  u_array/gen_row[0].gen_col[1].pe_inst/accumulator_reg[17]/QN (DFFARX1_LVT)
                                                          0.06       0.06 f
  u_array/gen_row[0].gen_col[1].pe_inst/U265/Y (AO221X1_LVT)
                                                          0.05       0.10 f
  u_array/gen_row[0].gen_col[1].pe_inst/accumulator_reg[17]/D (DFFARX1_LVT)
                                                          0.01       0.12 f
  data arrival time                                                  0.12

  clock clk (rise edge)                                   0.00       0.00
  clock network delay (ideal)                             0.00       0.00
  clock uncertainty                                       0.05       0.05
  u_array/gen_row[0].gen_col[1].pe_inst/accumulator_reg[17]/CLK (DFFARX1_LVT)
                                                          0.00       0.05 r
  library hold time                                       0.00       0.05
  data required time                                                 0.05
  --------------------------------------------------------------------------
  data required time                                                 0.05
  data arrival time                                                 -0.12
  --------------------------------------------------------------------------
  slack (MET)                                                        0.07


  Startpoint: u_array/gen_row[0].gen_col[1].pe_inst/accumulator_reg[16]
              (rising edge-triggered flip-flop clocked by clk)
  Endpoint: u_array/gen_row[0].gen_col[1].pe_inst/accumulator_reg[16]
            (rising edge-triggered flip-flop clocked by clk)
  Path Group: clk
  Path Type: min

  Des/Clust/Port     Wire Load Model       Library
  ------------------------------------------------
  accel_top          140000                saed32lvt_tt1p05v25c
  systolic_pe_62     8000                  saed32lvt_tt1p05v25c

  Point                                                   Incr       Path
  --------------------------------------------------------------------------
  clock clk (rise edge)                                   0.00       0.00
  clock network delay (ideal)                             0.00       0.00
  u_array/gen_row[0].gen_col[1].pe_inst/accumulator_reg[16]/CLK (DFFARX1_LVT)
                                                          0.00 #     0.00 r
  u_array/gen_row[0].gen_col[1].pe_inst/accumulator_reg[16]/QN (DFFARX1_LVT)
                                                          0.06       0.06 f
  u_array/gen_row[0].gen_col[1].pe_inst/U262/Y (AO221X1_LVT)
                                                          0.05       0.10 f
  u_array/gen_row[0].gen_col[1].pe_inst/accumulator_reg[16]/D (DFFARX1_LVT)
                                                          0.01       0.12 f
  data arrival time                                                  0.12

  clock clk (rise edge)                                   0.00       0.00
  clock network delay (ideal)                             0.00       0.00
  clock uncertainty                                       0.05       0.05
  u_array/gen_row[0].gen_col[1].pe_inst/accumulator_reg[16]/CLK (DFFARX1_LVT)
                                                          0.00       0.05 r
  library hold time                                       0.00       0.05
  data required time                                                 0.05
  --------------------------------------------------------------------------
  data required time                                                 0.05
  data arrival time                                                 -0.12
  --------------------------------------------------------------------------
  slack (MET)                                                        0.07


  Startpoint: u_array/gen_row[0].gen_col[2].pe_inst/accumulator_reg[18]
              (rising edge-triggered flip-flop clocked by clk)
  Endpoint: u_array/gen_row[0].gen_col[2].pe_inst/accumulator_reg[18]
            (rising edge-triggered flip-flop clocked by clk)
  Path Group: clk
  Path Type: min

  Des/Clust/Port     Wire Load Model       Library
  ------------------------------------------------
  accel_top          140000                saed32lvt_tt1p05v25c
  systolic_pe_61     8000                  saed32lvt_tt1p05v25c

  Point                                                   Incr       Path
  --------------------------------------------------------------------------
  clock clk (rise edge)                                   0.00       0.00
  clock network delay (ideal)                             0.00       0.00
  u_array/gen_row[0].gen_col[2].pe_inst/accumulator_reg[18]/CLK (DFFARX1_LVT)
                                                          0.00 #     0.00 r
  u_array/gen_row[0].gen_col[2].pe_inst/accumulator_reg[18]/QN (DFFARX1_LVT)
                                                          0.06       0.06 f
  u_array/gen_row[0].gen_col[2].pe_inst/U260/Y (AO221X1_LVT)
                                                          0.05       0.10 f
  u_array/gen_row[0].gen_col[2].pe_inst/accumulator_reg[18]/D (DFFARX1_LVT)
                                                          0.01       0.12 f
  data arrival time                                                  0.12

  clock clk (rise edge)                                   0.00       0.00
  clock network delay (ideal)                             0.00       0.00
  clock uncertainty                                       0.05       0.05
  u_array/gen_row[0].gen_col[2].pe_inst/accumulator_reg[18]/CLK (DFFARX1_LVT)
                                                          0.00       0.05 r
  library hold time                                       0.00       0.05
  data required time                                                 0.05
  --------------------------------------------------------------------------
  data required time                                                 0.05
  data arrival time                                                 -0.12
  --------------------------------------------------------------------------
  slack (MET)                                                        0.07


  Startpoint: u_array/gen_row[0].gen_col[2].pe_inst/accumulator_reg[17]
              (rising edge-triggered flip-flop clocked by clk)
  Endpoint: u_array/gen_row[0].gen_col[2].pe_inst/accumulator_reg[17]
            (rising edge-triggered flip-flop clocked by clk)
  Path Group: clk
  Path Type: min

  Des/Clust/Port     Wire Load Model       Library
  ------------------------------------------------
  accel_top          140000                saed32lvt_tt1p05v25c
  systolic_pe_61     8000                  saed32lvt_tt1p05v25c

  Point                                                   Incr       Path
  --------------------------------------------------------------------------
  clock clk (rise edge)                                   0.00       0.00
  clock network delay (ideal)                             0.00       0.00
  u_array/gen_row[0].gen_col[2].pe_inst/accumulator_reg[17]/CLK (DFFARX1_LVT)
                                                          0.00 #     0.00 r
  u_array/gen_row[0].gen_col[2].pe_inst/accumulator_reg[17]/QN (DFFARX1_LVT)
                                                          0.06       0.06 f
  u_array/gen_row[0].gen_col[2].pe_inst/U257/Y (AO221X1_LVT)
                                                          0.05       0.10 f
  u_array/gen_row[0].gen_col[2].pe_inst/accumulator_reg[17]/D (DFFARX1_LVT)
                                                          0.01       0.12 f
  data arrival time                                                  0.12

  clock clk (rise edge)                                   0.00       0.00
  clock network delay (ideal)                             0.00       0.00
  clock uncertainty                                       0.05       0.05
  u_array/gen_row[0].gen_col[2].pe_inst/accumulator_reg[17]/CLK (DFFARX1_LVT)
                                                          0.00       0.05 r
  library hold time                                       0.00       0.05
  data required time                                                 0.05
  --------------------------------------------------------------------------
  data required time                                                 0.05
  data arrival time                                                 -0.12
  --------------------------------------------------------------------------
  slack (MET)                                                        0.07


  Startpoint: u_array/gen_row[0].gen_col[2].pe_inst/accumulator_reg[16]
              (rising edge-triggered flip-flop clocked by clk)
  Endpoint: u_array/gen_row[0].gen_col[2].pe_inst/accumulator_reg[16]
            (rising edge-triggered flip-flop clocked by clk)
  Path Group: clk
  Path Type: min

  Des/Clust/Port     Wire Load Model       Library
  ------------------------------------------------
  accel_top          140000                saed32lvt_tt1p05v25c
  systolic_pe_61     8000                  saed32lvt_tt1p05v25c

  Point                                                   Incr       Path
  --------------------------------------------------------------------------
  clock clk (rise edge)                                   0.00       0.00
  clock network delay (ideal)                             0.00       0.00
  u_array/gen_row[0].gen_col[2].pe_inst/accumulator_reg[16]/CLK (DFFARX1_LVT)
                                                          0.00 #     0.00 r
  u_array/gen_row[0].gen_col[2].pe_inst/accumulator_reg[16]/QN (DFFARX1_LVT)
                                                          0.06       0.06 f
  u_array/gen_row[0].gen_col[2].pe_inst/U254/Y (AO221X1_LVT)
                                                          0.05       0.10 f
  u_array/gen_row[0].gen_col[2].pe_inst/accumulator_reg[16]/D (DFFARX1_LVT)
                                                          0.01       0.12 f
  data arrival time                                                  0.12

  clock clk (rise edge)                                   0.00       0.00
  clock network delay (ideal)                             0.00       0.00
  clock uncertainty                                       0.05       0.05
  u_array/gen_row[0].gen_col[2].pe_inst/accumulator_reg[16]/CLK (DFFARX1_LVT)
                                                          0.00       0.05 r
  library hold time                                       0.00       0.05
  data required time                                                 0.05
  --------------------------------------------------------------------------
  data required time                                                 0.05
  data arrival time                                                 -0.12
  --------------------------------------------------------------------------
  slack (MET)                                                        0.07


  Startpoint: u_array/gen_row[0].gen_col[3].pe_inst/accumulator_reg[18]
              (rising edge-triggered flip-flop clocked by clk)
  Endpoint: u_array/gen_row[0].gen_col[3].pe_inst/accumulator_reg[18]
            (rising edge-triggered flip-flop clocked by clk)
  Path Group: clk
  Path Type: min

  Des/Clust/Port     Wire Load Model       Library
  ------------------------------------------------
  accel_top          140000                saed32lvt_tt1p05v25c
  systolic_pe_60     8000                  saed32lvt_tt1p05v25c

  Point                                                   Incr       Path
  --------------------------------------------------------------------------
  clock clk (rise edge)                                   0.00       0.00
  clock network delay (ideal)                             0.00       0.00
  u_array/gen_row[0].gen_col[3].pe_inst/accumulator_reg[18]/CLK (DFFARX1_LVT)
                                                          0.00 #     0.00 r
  u_array/gen_row[0].gen_col[3].pe_inst/accumulator_reg[18]/QN (DFFARX1_LVT)
                                                          0.06       0.06 f
  u_array/gen_row[0].gen_col[3].pe_inst/U162/Y (AO221X1_LVT)
                                                          0.05       0.10 f
  u_array/gen_row[0].gen_col[3].pe_inst/accumulator_reg[18]/D (DFFARX1_LVT)
                                                          0.01       0.12 f
  data arrival time                                                  0.12

  clock clk (rise edge)                                   0.00       0.00
  clock network delay (ideal)                             0.00       0.00
  clock uncertainty                                       0.05       0.05
  u_array/gen_row[0].gen_col[3].pe_inst/accumulator_reg[18]/CLK (DFFARX1_LVT)
                                                          0.00       0.05 r
  library hold time                                       0.00       0.05
  data required time                                                 0.05
  --------------------------------------------------------------------------
  data required time                                                 0.05
  data arrival time                                                 -0.12
  --------------------------------------------------------------------------
  slack (MET)                                                        0.07


  Startpoint: u_array/gen_row[0].gen_col[3].pe_inst/accumulator_reg[17]
              (rising edge-triggered flip-flop clocked by clk)
  Endpoint: u_array/gen_row[0].gen_col[3].pe_inst/accumulator_reg[17]
            (rising edge-triggered flip-flop clocked by clk)
  Path Group: clk
  Path Type: min

  Des/Clust/Port     Wire Load Model       Library
  ------------------------------------------------
  accel_top          140000                saed32lvt_tt1p05v25c
  systolic_pe_60     8000                  saed32lvt_tt1p05v25c

  Point                                                   Incr       Path
  --------------------------------------------------------------------------
  clock clk (rise edge)                                   0.00       0.00
  clock network delay (ideal)                             0.00       0.00
  u_array/gen_row[0].gen_col[3].pe_inst/accumulator_reg[17]/CLK (DFFARX1_LVT)
                                                          0.00 #     0.00 r
  u_array/gen_row[0].gen_col[3].pe_inst/accumulator_reg[17]/QN (DFFARX1_LVT)
                                                          0.06       0.06 f
  u_array/gen_row[0].gen_col[3].pe_inst/U156/Y (AO221X1_LVT)
                                                          0.05       0.10 f
  u_array/gen_row[0].gen_col[3].pe_inst/accumulator_reg[17]/D (DFFARX1_LVT)
                                                          0.01       0.12 f
  data arrival time                                                  0.12

  clock clk (rise edge)                                   0.00       0.00
  clock network delay (ideal)                             0.00       0.00
  clock uncertainty                                       0.05       0.05
  u_array/gen_row[0].gen_col[3].pe_inst/accumulator_reg[17]/CLK (DFFARX1_LVT)
                                                          0.00       0.05 r
  library hold time                                       0.00       0.05
  data required time                                                 0.05
  --------------------------------------------------------------------------
  data required time                                                 0.05
  data arrival time                                                 -0.12
  --------------------------------------------------------------------------
  slack (MET)                                                        0.07


  Startpoint: u_array/gen_row[0].gen_col[3].pe_inst/accumulator_reg[16]
              (rising edge-triggered flip-flop clocked by clk)
  Endpoint: u_array/gen_row[0].gen_col[3].pe_inst/accumulator_reg[16]
            (rising edge-triggered flip-flop clocked by clk)
  Path Group: clk
  Path Type: min

  Des/Clust/Port     Wire Load Model       Library
  ------------------------------------------------
  accel_top          140000                saed32lvt_tt1p05v25c
  systolic_pe_60     8000                  saed32lvt_tt1p05v25c

  Point                                                   Incr       Path
  --------------------------------------------------------------------------
  clock clk (rise edge)                                   0.00       0.00
  clock network delay (ideal)                             0.00       0.00
  u_array/gen_row[0].gen_col[3].pe_inst/accumulator_reg[16]/CLK (DFFARX1_LVT)
                                                          0.00 #     0.00 r
  u_array/gen_row[0].gen_col[3].pe_inst/accumulator_reg[16]/QN (DFFARX1_LVT)
                                                          0.06       0.06 f
  u_array/gen_row[0].gen_col[3].pe_inst/U159/Y (AO221X1_LVT)
                                                          0.05       0.10 f
  u_array/gen_row[0].gen_col[3].pe_inst/accumulator_reg[16]/D (DFFARX1_LVT)
                                                          0.01       0.12 f
  data arrival time                                                  0.12

  clock clk (rise edge)                                   0.00       0.00
  clock network delay (ideal)                             0.00       0.00
  clock uncertainty                                       0.05       0.05
  u_array/gen_row[0].gen_col[3].pe_inst/accumulator_reg[16]/CLK (DFFARX1_LVT)
                                                          0.00       0.05 r
  library hold time                                       0.00       0.05
  data required time                                                 0.05
  --------------------------------------------------------------------------
  data required time                                                 0.05
  data arrival time                                                 -0.12
  --------------------------------------------------------------------------
  slack (MET)                                                        0.07


  Startpoint: u_array/gen_row[0].gen_col[4].pe_inst/accumulator_reg[18]
              (rising edge-triggered flip-flop clocked by clk)
  Endpoint: u_array/gen_row[0].gen_col[4].pe_inst/accumulator_reg[18]
            (rising edge-triggered flip-flop clocked by clk)
  Path Group: clk
  Path Type: min

  Des/Clust/Port     Wire Load Model       Library
  ------------------------------------------------
  accel_top          140000                saed32lvt_tt1p05v25c
  systolic_pe_59     8000                  saed32lvt_tt1p05v25c

  Point                                                   Incr       Path
  --------------------------------------------------------------------------
  clock clk (rise edge)                                   0.00       0.00
  clock network delay (ideal)                             0.00       0.00
  u_array/gen_row[0].gen_col[4].pe_inst/accumulator_reg[18]/CLK (DFFARX1_LVT)
                                                          0.00 #     0.00 r
  u_array/gen_row[0].gen_col[4].pe_inst/accumulator_reg[18]/QN (DFFARX1_LVT)
                                                          0.06       0.06 f
  u_array/gen_row[0].gen_col[4].pe_inst/U270/Y (AO221X1_LVT)
                                                          0.05       0.10 f
  u_array/gen_row[0].gen_col[4].pe_inst/accumulator_reg[18]/D (DFFARX1_LVT)
                                                          0.01       0.12 f
  data arrival time                                                  0.12

  clock clk (rise edge)                                   0.00       0.00
  clock network delay (ideal)                             0.00       0.00
  clock uncertainty                                       0.05       0.05
  u_array/gen_row[0].gen_col[4].pe_inst/accumulator_reg[18]/CLK (DFFARX1_LVT)
                                                          0.00       0.05 r
  library hold time                                       0.00       0.05
  data required time                                                 0.05
  --------------------------------------------------------------------------
  data required time                                                 0.05
  data arrival time                                                 -0.12
  --------------------------------------------------------------------------
  slack (MET)                                                        0.07


  Startpoint: u_array/gen_row[0].gen_col[4].pe_inst/accumulator_reg[17]
              (rising edge-triggered flip-flop clocked by clk)
  Endpoint: u_array/gen_row[0].gen_col[4].pe_inst/accumulator_reg[17]
            (rising edge-triggered flip-flop clocked by clk)
  Path Group: clk
  Path Type: min

  Des/Clust/Port     Wire Load Model       Library
  ------------------------------------------------
  accel_top          140000                saed32lvt_tt1p05v25c
  systolic_pe_59     8000                  saed32lvt_tt1p05v25c

  Point                                                   Incr       Path
  --------------------------------------------------------------------------
  clock clk (rise edge)                                   0.00       0.00
  clock network delay (ideal)                             0.00       0.00
  u_array/gen_row[0].gen_col[4].pe_inst/accumulator_reg[17]/CLK (DFFARX1_LVT)
                                                          0.00 #     0.00 r
  u_array/gen_row[0].gen_col[4].pe_inst/accumulator_reg[17]/QN (DFFARX1_LVT)
                                                          0.06       0.06 f
  u_array/gen_row[0].gen_col[4].pe_inst/U267/Y (AO221X1_LVT)
                                                          0.05       0.10 f
  u_array/gen_row[0].gen_col[4].pe_inst/accumulator_reg[17]/D (DFFARX1_LVT)
                                                          0.01       0.12 f
  data arrival time                                                  0.12

  clock clk (rise edge)                                   0.00       0.00
  clock network delay (ideal)                             0.00       0.00
  clock uncertainty                                       0.05       0.05
  u_array/gen_row[0].gen_col[4].pe_inst/accumulator_reg[17]/CLK (DFFARX1_LVT)
                                                          0.00       0.05 r
  library hold time                                       0.00       0.05
  data required time                                                 0.05
  --------------------------------------------------------------------------
  data required time                                                 0.05
  data arrival time                                                 -0.12
  --------------------------------------------------------------------------
  slack (MET)                                                        0.07


  Startpoint: u_array/gen_row[0].gen_col[4].pe_inst/accumulator_reg[16]
              (rising edge-triggered flip-flop clocked by clk)
  Endpoint: u_array/gen_row[0].gen_col[4].pe_inst/accumulator_reg[16]
            (rising edge-triggered flip-flop clocked by clk)
  Path Group: clk
  Path Type: min

  Des/Clust/Port     Wire Load Model       Library
  ------------------------------------------------
  accel_top          140000                saed32lvt_tt1p05v25c
  systolic_pe_59     8000                  saed32lvt_tt1p05v25c

  Point                                                   Incr       Path
  --------------------------------------------------------------------------
  clock clk (rise edge)                                   0.00       0.00
  clock network delay (ideal)                             0.00       0.00
  u_array/gen_row[0].gen_col[4].pe_inst/accumulator_reg[16]/CLK (DFFARX1_LVT)
                                                          0.00 #     0.00 r
  u_array/gen_row[0].gen_col[4].pe_inst/accumulator_reg[16]/QN (DFFARX1_LVT)
                                                          0.06       0.06 f
  u_array/gen_row[0].gen_col[4].pe_inst/U264/Y (AO221X1_LVT)
                                                          0.05       0.10 f
  u_array/gen_row[0].gen_col[4].pe_inst/accumulator_reg[16]/D (DFFARX1_LVT)
                                                          0.01       0.12 f
  data arrival time                                                  0.12

  clock clk (rise edge)                                   0.00       0.00
  clock network delay (ideal)                             0.00       0.00
  clock uncertainty                                       0.05       0.05
  u_array/gen_row[0].gen_col[4].pe_inst/accumulator_reg[16]/CLK (DFFARX1_LVT)
                                                          0.00       0.05 r
  library hold time                                       0.00       0.05
  data required time                                                 0.05
  --------------------------------------------------------------------------
  data required time                                                 0.05
  data arrival time                                                 -0.12
  --------------------------------------------------------------------------
  slack (MET)                                                        0.07


  Startpoint: u_array/gen_row[0].gen_col[5].pe_inst/accumulator_reg[18]
              (rising edge-triggered flip-flop clocked by clk)
  Endpoint: u_array/gen_row[0].gen_col[5].pe_inst/accumulator_reg[18]
            (rising edge-triggered flip-flop clocked by clk)
  Path Group: clk
  Path Type: min

  Des/Clust/Port     Wire Load Model       Library
  ------------------------------------------------
  accel_top          140000                saed32lvt_tt1p05v25c
  systolic_pe_58     8000                  saed32lvt_tt1p05v25c

  Point                                                   Incr       Path
  --------------------------------------------------------------------------
  clock clk (rise edge)                                   0.00       0.00
  clock network delay (ideal)                             0.00       0.00
  u_array/gen_row[0].gen_col[5].pe_inst/accumulator_reg[18]/CLK (DFFARX1_LVT)
                                                          0.00 #     0.00 r
  u_array/gen_row[0].gen_col[5].pe_inst/accumulator_reg[18]/QN (DFFARX1_LVT)
                                                          0.06       0.06 f
  u_array/gen_row[0].gen_col[5].pe_inst/U181/Y (AO221X1_LVT)
                                                          0.05       0.10 f
  u_array/gen_row[0].gen_col[5].pe_inst/accumulator_reg[18]/D (DFFARX1_LVT)
                                                          0.01       0.12 f
  data arrival time                                                  0.12

  clock clk (rise edge)                                   0.00       0.00
  clock network delay (ideal)                             0.00       0.00
  clock uncertainty                                       0.05       0.05
  u_array/gen_row[0].gen_col[5].pe_inst/accumulator_reg[18]/CLK (DFFARX1_LVT)
                                                          0.00       0.05 r
  library hold time                                       0.00       0.05
  data required time                                                 0.05
  --------------------------------------------------------------------------
  data required time                                                 0.05
  data arrival time                                                 -0.12
  --------------------------------------------------------------------------
  slack (MET)                                                        0.07


  Startpoint: u_array/gen_row[0].gen_col[5].pe_inst/accumulator_reg[17]
              (rising edge-triggered flip-flop clocked by clk)
  Endpoint: u_array/gen_row[0].gen_col[5].pe_inst/accumulator_reg[17]
            (rising edge-triggered flip-flop clocked by clk)
  Path Group: clk
  Path Type: min

  Des/Clust/Port     Wire Load Model       Library
  ------------------------------------------------
  accel_top          140000                saed32lvt_tt1p05v25c
  systolic_pe_58     8000                  saed32lvt_tt1p05v25c

  Point                                                   Incr       Path
  --------------------------------------------------------------------------
  clock clk (rise edge)                                   0.00       0.00
  clock network delay (ideal)                             0.00       0.00
  u_array/gen_row[0].gen_col[5].pe_inst/accumulator_reg[17]/CLK (DFFARX1_LVT)
                                                          0.00 #     0.00 r
  u_array/gen_row[0].gen_col[5].pe_inst/accumulator_reg[17]/QN (DFFARX1_LVT)
                                                          0.06       0.06 f
  u_array/gen_row[0].gen_col[5].pe_inst/U187/Y (AO221X1_LVT)
                                                          0.05       0.10 f
  u_array/gen_row[0].gen_col[5].pe_inst/accumulator_reg[17]/D (DFFARX1_LVT)
                                                          0.01       0.12 f
  data arrival time                                                  0.12

  clock clk (rise edge)                                   0.00       0.00
  clock network delay (ideal)                             0.00       0.00
  clock uncertainty                                       0.05       0.05
  u_array/gen_row[0].gen_col[5].pe_inst/accumulator_reg[17]/CLK (DFFARX1_LVT)
                                                          0.00       0.05 r
  library hold time                                       0.00       0.05
  data required time                                                 0.05
  --------------------------------------------------------------------------
  data required time                                                 0.05
  data arrival time                                                 -0.12
  --------------------------------------------------------------------------
  slack (MET)                                                        0.07


  Startpoint: u_array/gen_row[0].gen_col[5].pe_inst/accumulator_reg[16]
              (rising edge-triggered flip-flop clocked by clk)
  Endpoint: u_array/gen_row[0].gen_col[5].pe_inst/accumulator_reg[16]
            (rising edge-triggered flip-flop clocked by clk)
  Path Group: clk
  Path Type: min

  Des/Clust/Port     Wire Load Model       Library
  ------------------------------------------------
  accel_top          140000                saed32lvt_tt1p05v25c
  systolic_pe_58     8000                  saed32lvt_tt1p05v25c

  Point                                                   Incr       Path
  --------------------------------------------------------------------------
  clock clk (rise edge)                                   0.00       0.00
  clock network delay (ideal)                             0.00       0.00
  u_array/gen_row[0].gen_col[5].pe_inst/accumulator_reg[16]/CLK (DFFARX1_LVT)
                                                          0.00 #     0.00 r
  u_array/gen_row[0].gen_col[5].pe_inst/accumulator_reg[16]/QN (DFFARX1_LVT)
                                                          0.06       0.06 f
  u_array/gen_row[0].gen_col[5].pe_inst/U178/Y (AO221X1_LVT)
                                                          0.05       0.10 f
  u_array/gen_row[0].gen_col[5].pe_inst/accumulator_reg[16]/D (DFFARX1_LVT)
                                                          0.01       0.12 f
  data arrival time                                                  0.12

  clock clk (rise edge)                                   0.00       0.00
  clock network delay (ideal)                             0.00       0.00
  clock uncertainty                                       0.05       0.05
  u_array/gen_row[0].gen_col[5].pe_inst/accumulator_reg[16]/CLK (DFFARX1_LVT)
                                                          0.00       0.05 r
  library hold time                                       0.00       0.05
  data required time                                                 0.05
  --------------------------------------------------------------------------
  data required time                                                 0.05
  data arrival time                                                 -0.12
  --------------------------------------------------------------------------
  slack (MET)                                                        0.07


  Startpoint: u_array/gen_row[0].gen_col[6].pe_inst/accumulator_reg[17]
              (rising edge-triggered flip-flop clocked by clk)
  Endpoint: u_array/gen_row[0].gen_col[6].pe_inst/accumulator_reg[17]
            (rising edge-triggered flip-flop clocked by clk)
  Path Group: clk
  Path Type: min

  Des/Clust/Port     Wire Load Model       Library
  ------------------------------------------------
  accel_top          140000                saed32lvt_tt1p05v25c
  systolic_pe_57     8000                  saed32lvt_tt1p05v25c

  Point                                                   Incr       Path
  --------------------------------------------------------------------------
  clock clk (rise edge)                                   0.00       0.00
  clock network delay (ideal)                             0.00       0.00
  u_array/gen_row[0].gen_col[6].pe_inst/accumulator_reg[17]/CLK (DFFARX1_LVT)
                                                          0.00 #     0.00 r
  u_array/gen_row[0].gen_col[6].pe_inst/accumulator_reg[17]/QN (DFFARX1_LVT)
                                                          0.06       0.06 f
  u_array/gen_row[0].gen_col[6].pe_inst/U256/Y (AO221X1_LVT)
                                                          0.05       0.10 f
  u_array/gen_row[0].gen_col[6].pe_inst/accumulator_reg[17]/D (DFFARX1_LVT)
                                                          0.01       0.12 f
  data arrival time                                                  0.12

  clock clk (rise edge)                                   0.00       0.00
  clock network delay (ideal)                             0.00       0.00
  clock uncertainty                                       0.05       0.05
  u_array/gen_row[0].gen_col[6].pe_inst/accumulator_reg[17]/CLK (DFFARX1_LVT)
                                                          0.00       0.05 r
  library hold time                                       0.00       0.05
  data required time                                                 0.05
  --------------------------------------------------------------------------
  data required time                                                 0.05
  data arrival time                                                 -0.12
  --------------------------------------------------------------------------
  slack (MET)                                                        0.07


  Startpoint: u_array/gen_row[0].gen_col[6].pe_inst/accumulator_reg[16]
              (rising edge-triggered flip-flop clocked by clk)
  Endpoint: u_array/gen_row[0].gen_col[6].pe_inst/accumulator_reg[16]
            (rising edge-triggered flip-flop clocked by clk)
  Path Group: clk
  Path Type: min

  Des/Clust/Port     Wire Load Model       Library
  ------------------------------------------------
  accel_top          140000                saed32lvt_tt1p05v25c
  systolic_pe_57     8000                  saed32lvt_tt1p05v25c

  Point                                                   Incr       Path
  --------------------------------------------------------------------------
  clock clk (rise edge)                                   0.00       0.00
  clock network delay (ideal)                             0.00       0.00
  u_array/gen_row[0].gen_col[6].pe_inst/accumulator_reg[16]/CLK (DFFARX1_LVT)
                                                          0.00 #     0.00 r
  u_array/gen_row[0].gen_col[6].pe_inst/accumulator_reg[16]/QN (DFFARX1_LVT)
                                                          0.06       0.06 f
  u_array/gen_row[0].gen_col[6].pe_inst/U253/Y (AO221X1_LVT)
                                                          0.05       0.10 f
  u_array/gen_row[0].gen_col[6].pe_inst/accumulator_reg[16]/D (DFFARX1_LVT)
                                                          0.01       0.12 f
  data arrival time                                                  0.12

  clock clk (rise edge)                                   0.00       0.00
  clock network delay (ideal)                             0.00       0.00
  clock uncertainty                                       0.05       0.05
  u_array/gen_row[0].gen_col[6].pe_inst/accumulator_reg[16]/CLK (DFFARX1_LVT)
                                                          0.00       0.05 r
  library hold time                                       0.00       0.05
  data required time                                                 0.05
  --------------------------------------------------------------------------
  data required time                                                 0.05
  data arrival time                                                 -0.12
  --------------------------------------------------------------------------
  slack (MET)                                                        0.07


1
